
Started Import Process
# System Details: 
Debug Mode 		: Desativado
Operating System 	: WINNT
Software 		: Apache/2.4.58 (Win64) OpenSSL/3.1.3 PHP/8.1.25
MySQL version 		: 10.4.32
XML Reader 		: Sim
PHP Version 		: 8.1.25
PHP Max Input Vars 	: 1000
PHP Max Post Size 	: 40M
PHP Extension GD 	: Não
PHP Max Execution Time 	: 120
Max Upload Size 	: 40 MB
Memory Limit 		: Limite de memória atual 40M. Recomendamos definir a memória para pelo menos 64M.
Timezone 		: 0

-----

Importing Started! - 22:18:37 UTC
---

WHY IMPORT PROCESS CAN FAIL? READ THIS - 
https://wpastra.com/docs/?p=1314&utm_source=demo-import-panel&utm_campaign=import-error&utm_medium=wp-dashboard

---
